// Jest Snapshot v1, https://goo.gl/fbAQLP

exports[`Price should match snapshot 1`] = `
<div
  className="price"
>
  <p
    className=""
  >
    u$s
     
    2000
  </p>
</div>
`;
