// Jest Snapshot v1, https://goo.gl/fbAQLP

exports[`Content should match snapshot 1`] = `
<div
  className="content"
>
  <WithStyles(ForwardRef(Container))>
    <WithStyles(ForwardRef(Grid))
      container={true}
    >
      <WithStyles(ForwardRef(Grid))
        item={true}
        xs={12}
      >
        Some text
      </WithStyles(ForwardRef(Grid))>
    </WithStyles(ForwardRef(Grid))>
  </WithStyles(ForwardRef(Container))>
</div>
`;
