// Jest Snapshot v1, https://goo.gl/fbAQLP

exports[`Item should match snapshot 1`] = `
<Provider>
  <Item
    item={
      Object {
        "category_id": 1,
        "id": 1,
        "image_id": "293202f9d9f7f4",
        "name": "Bagel",
        "price": 2,
      }
    }
  />
</Provider>
`;
