// Jest Snapshot v1, https://goo.gl/fbAQLP

exports[`Input should match snapshot 1`] = `
<input
  className="input"
  onChange={[MockFunction]}
  placeholder=""
  type="text"
  value="input value"
/>
`;
