// Jest Snapshot v1, https://goo.gl/fbAQLP

exports[`SearchForm should match snapshot 1`] = `
<form
  className="search-form"
>
  <Input
    changeHandler={[MockFunction]}
    placeholder="Search..."
    value="Laptop"
  />
  <Button
    onClick={[MockFunction]}
  />
</form>
`;
